bulk_video_converter.bash:
  datetime:
    1970-01-01_01-01-01-00
  versions:
    bulk_video_converter.bash:
      0.1505859356
    config:
      0.1470294456
  async_for_files:
    false
  async_for_profiles:
    false
LOG_DIR_NAME = ' /tmp/video/log/dir/fixture
  input/files/are/from/config:
    gopctl_o96rf23 for input/files/are/from/config:
      gopctl_o96rf23:
        global input:
          -threads '0' 
        video:
          -codec:v 'libx264' -profile:v 'high' -weightp 'smart' -preset 'veryslow' -level:v '4.2' -bf '3' -coder '1' -x264opts 'keyint=96:min-keyint=96:no-scenecut' -flags '+cgop' -sc_threshold '0' -crf '23' -pix_fmt 'yuv420p' -filter:v "yadif=1:-1:0,scale=-1:1080" 
        audio:
          -strict 'experimental' -codec:a 'aac' -ar '48000' -b:a '128k' -ac '2'
        format:
          -movflags '+faststart' -f 'mp4' 
        passes:
          pass 1:
            /usr/bin/ffmpeg -threads '0' -i 'input/files/are/from/config' -codec:v 'libx264' -profile:v 'high' -weightp 'smart' -preset 'veryslow' -level:v '4.2' -bf '3' -coder '1' -x264opts 'keyint=96:min-keyint=96:no-scenecut' -flags '+cgop' -sc_threshold '0' -crf '23' -pix_fmt 'yuv420p' -filter:v "yadif=1:-1:0,scale=-1:1080" -strict 'experimental' -codec:a 'aac' -ar '48000' -b:a '128k' -ac '2' -movflags '+faststart' -f 'mp4' -y '//tmp/config-gopctl_o96rf23.mp4' 2> >(tee /tmp/video/log/dir/fixture/config-gopctl_o96rf23-1-mp4.ffmpeg.log 1>&2);
    gopctl_o96a4 for input/files/are/from/config:
      gopctl_o96a4:
        global input:
          -threads '0' 
        video:
          -codec:v 'libx264' -profile:v 'high' -weightp 'smart' -preset 'veryslow' -level:v '4.2' -bf '3' -coder '1' -x264opts 'keyint=96:min-keyint=96:no-scenecut' -flags '+cgop' -sc_threshold '0' -b:v '4M' -pix_fmt 'yuv420p' -filter:v "yadif=1:-1:0,scale=-1:1080" 
        audio:
          -strict 'experimental' -codec:a 'aac' -ar '48000' -b:a '128k' -ac '2'
        format:
          -movflags '+faststart' -f 'mp4' 
        passes:
          pass 1:
            /usr/bin/ffmpeg -threads '0' -i 'input/files/are/from/config' -codec:v 'libx264' -profile:v 'high' -weightp 'smart' -preset 'veryslow' -level:v '4.2' -bf '3' -coder '1' -x264opts 'keyint=96:min-keyint=96:no-scenecut' -flags '+cgop' -sc_threshold '0' -b:v '4M' -pix_fmt 'yuv420p' -filter:v "yadif=1:-1:0,scale=-1:1080" -pass 1 -passlogfile /tmp/bulk_video_converter.bash/R1Nd0m/pass-log/config-gopctl_o96a4.config -strict 'experimental' -codec:a 'aac' -ar '48000' -b:a '128k' -ac '2' -movflags '+faststart' -f 'mp4' -y '/dev/null' 2> >(tee /tmp/video/log/dir/fixture/config-gopctl_o96a4-1-mp4.ffmpeg.log 1>&2);
          pass 2:
            /usr/bin/ffmpeg -threads '0' -i 'input/files/are/from/config' -codec:v 'libx264' -profile:v 'high' -weightp 'smart' -preset 'veryslow' -level:v '4.2' -bf '3' -coder '1' -x264opts 'keyint=96:min-keyint=96:no-scenecut' -flags '+cgop' -sc_threshold '0' -b:v '4M' -pix_fmt 'yuv420p' -filter:v "yadif=1:-1:0,scale=-1:1080" -pass 2 -passlogfile /tmp/bulk_video_converter.bash/R1Nd0m/pass-log/config-gopctl_o96a4.config -strict 'experimental' -codec:a 'aac' -ar '48000' -b:a '128k' -ac '2' -movflags '+faststart' -f 'mp4' -y '//tmp/config-gopctl_o96a4.mp4' 2> >(tee /tmp/video/log/dir/fixture/config-gopctl_o96a4-2-mp4.ffmpeg.log 1>&2);
    gopctl_o96b4 for input/files/are/from/config:
      gopctl_o96b4:
        global input:
          -threads '0' 
        video:
          -codec:v 'libx264' -profile:v 'high' -weightp 'smart' -preset 'veryslow' -level:v '4.2' -bf '3' -coder '1' -x264opts 'keyint=96:min-keyint=96:no-scenecut' -flags '+cgop' -sc_threshold '0' -b:v '4M' -maxrate '4M' -bufsize '8M' -pix_fmt 'yuv420p' -filter:v "yadif=1:-1:0,scale=-1:1080" 
        audio:
          -strict 'experimental' -codec:a 'aac' -ar '48000' -b:a '128k' -ac '2'
        format:
          -movflags '+faststart' -f 'mp4' 
        passes:
          pass 1:
            /usr/bin/ffmpeg -threads '0' -i 'input/files/are/from/config' -codec:v 'libx264' -profile:v 'high' -weightp 'smart' -preset 'veryslow' -level:v '4.2' -bf '3' -coder '1' -x264opts 'keyint=96:min-keyint=96:no-scenecut' -flags '+cgop' -sc_threshold '0' -b:v '4M' -maxrate '4M' -bufsize '8M' -pix_fmt 'yuv420p' -filter:v "yadif=1:-1:0,scale=-1:1080" -pass 1 -passlogfile /tmp/bulk_video_converter.bash/R1Nd0m/pass-log/config-gopctl_o96b4.config -strict 'experimental' -codec:a 'aac' -ar '48000' -b:a '128k' -ac '2' -movflags '+faststart' -f 'mp4' -y '/dev/null' 2> >(tee /tmp/video/log/dir/fixture/config-gopctl_o96b4-1-mp4.ffmpeg.log 1>&2);
          pass 2:
            /usr/bin/ffmpeg -threads '0' -i 'input/files/are/from/config' -codec:v 'libx264' -profile:v 'high' -weightp 'smart' -preset 'veryslow' -level:v '4.2' -bf '3' -coder '1' -x264opts 'keyint=96:min-keyint=96:no-scenecut' -flags '+cgop' -sc_threshold '0' -b:v '4M' -maxrate '4M' -bufsize '8M' -pix_fmt 'yuv420p' -filter:v "yadif=1:-1:0,scale=-1:1080" -pass 2 -passlogfile /tmp/bulk_video_converter.bash/R1Nd0m/pass-log/config-gopctl_o96b4.config -strict 'experimental' -codec:a 'aac' -ar '48000' -b:a '128k' -ac '2' -movflags '+faststart' -f 'mp4' -y '//tmp/config-gopctl_o96b4.mp4' 2> >(tee /tmp/video/log/dir/fixture/config-gopctl_o96b4-2-mp4.ffmpeg.log 1>&2);
    gopctl_o96c4 for input/files/are/from/config:
      gopctl_o96c4:
        global input:
          -threads '0' 
        video:
          -codec:v 'libx264' -profile:v 'high' -weightp 'smart' -preset 'veryslow' -level:v '4.2' -bf '3' -coder '1' -x264opts 'keyint=96:min-keyint=96:no-scenecut' -flags '+cgop' -sc_threshold '0' -maxrate '4M' -minrate '4M' -bufsize '8M' -pix_fmt 'yuv420p' -filter:v "yadif=1:-1:0,scale=-1:1080" 
        audio:
          -strict 'experimental' -codec:a 'aac' -ar '48000' -b:a '128k' -ac '2'
        format:
          -movflags '+faststart' -f 'mp4' 
        passes:
          pass 1:
            /usr/bin/ffmpeg -threads '0' -i 'input/files/are/from/config' -codec:v 'libx264' -profile:v 'high' -weightp 'smart' -preset 'veryslow' -level:v '4.2' -bf '3' -coder '1' -x264opts 'keyint=96:min-keyint=96:no-scenecut' -flags '+cgop' -sc_threshold '0' -maxrate '4M' -minrate '4M' -bufsize '8M' -pix_fmt 'yuv420p' -filter:v "yadif=1:-1:0,scale=-1:1080" -pass 1 -passlogfile /tmp/bulk_video_converter.bash/R1Nd0m/pass-log/config-gopctl_o96c4.config -strict 'experimental' -codec:a 'aac' -ar '48000' -b:a '128k' -ac '2' -movflags '+faststart' -f 'mp4' -y '/dev/null' 2> >(tee /tmp/video/log/dir/fixture/config-gopctl_o96c4-1-mp4.ffmpeg.log 1>&2);
          pass 2:
            /usr/bin/ffmpeg -threads '0' -i 'input/files/are/from/config' -codec:v 'libx264' -profile:v 'high' -weightp 'smart' -preset 'veryslow' -level:v '4.2' -bf '3' -coder '1' -x264opts 'keyint=96:min-keyint=96:no-scenecut' -flags '+cgop' -sc_threshold '0' -maxrate '4M' -minrate '4M' -bufsize '8M' -pix_fmt 'yuv420p' -filter:v "yadif=1:-1:0,scale=-1:1080" -pass 2 -passlogfile /tmp/bulk_video_converter.bash/R1Nd0m/pass-log/config-gopctl_o96c4.config -strict 'experimental' -codec:a 'aac' -ar '48000' -b:a '128k' -ac '2' -movflags '+faststart' -f 'mp4' -y '//tmp/config-gopctl_o96c4.mp4' 2> >(tee /tmp/video/log/dir/fixture/config-gopctl_o96c4-2-mp4.ffmpeg.log 1>&2);
    gopctl_g96rf23 for input/files/are/from/config:
      gopctl_g96rf23:
        global input:
          -threads '0' 
        video:
          -codec:v 'libx264' -profile:v 'high' -weightp 'smart' -preset 'veryslow' -level:v '4.2' -bf '3' -coder '1' -g '96' -keyint_min '96' -flags '+cgop' -sc_threshold '0' -crf '23' -pix_fmt 'yuv420p' -filter:v "yadif=1:-1:0,scale=-1:1080" 
        audio:
          -strict 'experimental' -codec:a 'aac' -ar '48000' -b:a '128k' -ac '2'
        format:
          -movflags '+faststart' -f 'mp4' 
        passes:
          pass 1:
            /usr/bin/ffmpeg -threads '0' -i 'input/files/are/from/config' -codec:v 'libx264' -profile:v 'high' -weightp 'smart' -preset 'veryslow' -level:v '4.2' -bf '3' -coder '1' -g '96' -keyint_min '96' -flags '+cgop' -sc_threshold '0' -crf '23' -pix_fmt 'yuv420p' -filter:v "yadif=1:-1:0,scale=-1:1080" -strict 'experimental' -codec:a 'aac' -ar '48000' -b:a '128k' -ac '2' -movflags '+faststart' -f 'mp4' -y '//tmp/config-gopctl_g96rf23.mp4' 2> >(tee /tmp/video/log/dir/fixture/config-gopctl_g96rf23-1-mp4.ffmpeg.log 1>&2);
    gopctl_g96a4 for input/files/are/from/config:
      gopctl_g96a4:
        global input:
          -threads '0' 
        video:
          -codec:v 'libx264' -profile:v 'high' -weightp 'smart' -preset 'veryslow' -level:v '4.2' -bf '3' -coder '1' -g '96' -keyint_min '96' -flags '+cgop' -sc_threshold '0' -b:v '4M' -pix_fmt 'yuv420p' -filter:v "yadif=1:-1:0,scale=-1:1080" 
        audio:
          -strict 'experimental' -codec:a 'aac' -ar '48000' -b:a '128k' -ac '2'
        format:
          -movflags '+faststart' -f 'mp4' 
        passes:
          pass 1:
            /usr/bin/ffmpeg -threads '0' -i 'input/files/are/from/config' -codec:v 'libx264' -profile:v 'high' -weightp 'smart' -preset 'veryslow' -level:v '4.2' -bf '3' -coder '1' -g '96' -keyint_min '96' -flags '+cgop' -sc_threshold '0' -b:v '4M' -pix_fmt 'yuv420p' -filter:v "yadif=1:-1:0,scale=-1:1080" -pass 1 -passlogfile /tmp/bulk_video_converter.bash/R1Nd0m/pass-log/config-gopctl_g96a4.config -strict 'experimental' -codec:a 'aac' -ar '48000' -b:a '128k' -ac '2' -movflags '+faststart' -f 'mp4' -y '/dev/null' 2> >(tee /tmp/video/log/dir/fixture/config-gopctl_g96a4-1-mp4.ffmpeg.log 1>&2);
          pass 2:
            /usr/bin/ffmpeg -threads '0' -i 'input/files/are/from/config' -codec:v 'libx264' -profile:v 'high' -weightp 'smart' -preset 'veryslow' -level:v '4.2' -bf '3' -coder '1' -g '96' -keyint_min '96' -flags '+cgop' -sc_threshold '0' -b:v '4M' -pix_fmt 'yuv420p' -filter:v "yadif=1:-1:0,scale=-1:1080" -pass 2 -passlogfile /tmp/bulk_video_converter.bash/R1Nd0m/pass-log/config-gopctl_g96a4.config -strict 'experimental' -codec:a 'aac' -ar '48000' -b:a '128k' -ac '2' -movflags '+faststart' -f 'mp4' -y '//tmp/config-gopctl_g96a4.mp4' 2> >(tee /tmp/video/log/dir/fixture/config-gopctl_g96a4-2-mp4.ffmpeg.log 1>&2);
    gopctl_g96b4 for input/files/are/from/config:
      gopctl_g96b4:
        global input:
          -threads '0' 
        video:
          -codec:v 'libx264' -profile:v 'high' -weightp 'smart' -preset 'veryslow' -level:v '4.2' -bf '3' -coder '1' -g '96' -keyint_min '96' -flags '+cgop' -sc_threshold '0' -b:v '4M' -maxrate '4M' -bufsize '8M' -pix_fmt 'yuv420p' -filter:v "yadif=1:-1:0,scale=-1:1080" 
        audio:
          -strict 'experimental' -codec:a 'aac' -ar '48000' -b:a '128k' -ac '2'
        format:
          -movflags '+faststart' -f 'mp4' 
        passes:
          pass 1:
            /usr/bin/ffmpeg -threads '0' -i 'input/files/are/from/config' -codec:v 'libx264' -profile:v 'high' -weightp 'smart' -preset 'veryslow' -level:v '4.2' -bf '3' -coder '1' -g '96' -keyint_min '96' -flags '+cgop' -sc_threshold '0' -b:v '4M' -maxrate '4M' -bufsize '8M' -pix_fmt 'yuv420p' -filter:v "yadif=1:-1:0,scale=-1:1080" -pass 1 -passlogfile /tmp/bulk_video_converter.bash/R1Nd0m/pass-log/config-gopctl_g96b4.config -strict 'experimental' -codec:a 'aac' -ar '48000' -b:a '128k' -ac '2' -movflags '+faststart' -f 'mp4' -y '/dev/null' 2> >(tee /tmp/video/log/dir/fixture/config-gopctl_g96b4-1-mp4.ffmpeg.log 1>&2);
          pass 2:
            /usr/bin/ffmpeg -threads '0' -i 'input/files/are/from/config' -codec:v 'libx264' -profile:v 'high' -weightp 'smart' -preset 'veryslow' -level:v '4.2' -bf '3' -coder '1' -g '96' -keyint_min '96' -flags '+cgop' -sc_threshold '0' -b:v '4M' -maxrate '4M' -bufsize '8M' -pix_fmt 'yuv420p' -filter:v "yadif=1:-1:0,scale=-1:1080" -pass 2 -passlogfile /tmp/bulk_video_converter.bash/R1Nd0m/pass-log/config-gopctl_g96b4.config -strict 'experimental' -codec:a 'aac' -ar '48000' -b:a '128k' -ac '2' -movflags '+faststart' -f 'mp4' -y '//tmp/config-gopctl_g96b4.mp4' 2> >(tee /tmp/video/log/dir/fixture/config-gopctl_g96b4-2-mp4.ffmpeg.log 1>&2);
    gopctl_g96c4 for input/files/are/from/config:
      gopctl_g96c4:
        global input:
          -threads '0' 
        video:
          -codec:v 'libx264' -profile:v 'high' -weightp 'smart' -preset 'veryslow' -level:v '4.2' -bf '3' -coder '1' -g '96' -keyint_min '96' -flags '+cgop' -sc_threshold '0' -maxrate '4M' -minrate '4M' -bufsize '8M' -pix_fmt 'yuv420p' -filter:v "yadif=1:-1:0,scale=-1:1080" 
        audio:
          -strict 'experimental' -codec:a 'aac' -ar '48000' -b:a '128k' -ac '2'
        format:
          -movflags '+faststart' -f 'mp4' 
        passes:
          pass 1:
            /usr/bin/ffmpeg -threads '0' -i 'input/files/are/from/config' -codec:v 'libx264' -profile:v 'high' -weightp 'smart' -preset 'veryslow' -level:v '4.2' -bf '3' -coder '1' -g '96' -keyint_min '96' -flags '+cgop' -sc_threshold '0' -maxrate '4M' -minrate '4M' -bufsize '8M' -pix_fmt 'yuv420p' -filter:v "yadif=1:-1:0,scale=-1:1080" -pass 1 -passlogfile /tmp/bulk_video_converter.bash/R1Nd0m/pass-log/config-gopctl_g96c4.config -strict 'experimental' -codec:a 'aac' -ar '48000' -b:a '128k' -ac '2' -movflags '+faststart' -f 'mp4' -y '/dev/null' 2> >(tee /tmp/video/log/dir/fixture/config-gopctl_g96c4-1-mp4.ffmpeg.log 1>&2);
          pass 2:
            /usr/bin/ffmpeg -threads '0' -i 'input/files/are/from/config' -codec:v 'libx264' -profile:v 'high' -weightp 'smart' -preset 'veryslow' -level:v '4.2' -bf '3' -coder '1' -g '96' -keyint_min '96' -flags '+cgop' -sc_threshold '0' -maxrate '4M' -minrate '4M' -bufsize '8M' -pix_fmt 'yuv420p' -filter:v "yadif=1:-1:0,scale=-1:1080" -pass 2 -passlogfile /tmp/bulk_video_converter.bash/R1Nd0m/pass-log/config-gopctl_g96c4.config -strict 'experimental' -codec:a 'aac' -ar '48000' -b:a '128k' -ac '2' -movflags '+faststart' -f 'mp4' -y '//tmp/config-gopctl_g96c4.mp4' 2> >(tee /tmp/video/log/dir/fixture/config-gopctl_g96c4-2-mp4.ffmpeg.log 1>&2);
