bulk_video_converter.bash:
  datetime:
    1970-01-01_01-01-01-00
  versions:
    bulk_video_converter.bash:
      0.1505859356
    config:
      0.1505573195
  async_for_files:
    false
  async_for_profiles:
    false
  input/files/are/from/config:
    mai_vob_h264_crf_1080p_hd for input/files/are/from/config:
      mai_vob_h264_crf_1080p_hd:
        global input:
          -threads '0' 
        video:
          -codec:v 'libx264' -profile:v 'high' -weightp 'smart' -preset 'veryslow' -level:v '4.2' -bf '3' -coder '1' -x264opts 'keyint=96:min-keyint=96:no-scenecut' -flags '+cgop' -sc_threshold '0' -crf '23' -r:v '25' -pix_fmt 'yuv420p' -filter:v "yadif=1:-1:0,scale=-1:1080" 
        audio:
          -strict 'experimental' -codec:a 'aac' -b:a '256k' -ac '6'
        format:
          -movflags '+faststart' -f 'mp4' 
        passes:
          pass 1:
            /usr/bin/ffmpeg -threads '0' -i 'input/files/are/from/config' -codec:v 'libx264' -profile:v 'high' -weightp 'smart' -preset 'veryslow' -level:v '4.2' -bf '3' -coder '1' -x264opts 'keyint=96:min-keyint=96:no-scenecut' -flags '+cgop' -sc_threshold '0' -crf '23' -r:v '25' -pix_fmt 'yuv420p' -filter:v "yadif=1:-1:0,scale=-1:1080" -strict 'experimental' -codec:a 'aac' -b:a '256k' -ac '6' -movflags '+faststart' -f 'mp4' -y '//tmp/config-mai_vob_h264_crf_1080p_hd.mp4' 2> >(tee /tmp/ffmpeg/log/dir/fixture/config-mai_vob_h264_crf_1080p_hd-1-mp4.ffmpeg.log 1>&2);
    mai_vob_h264_crf_0720p_hd for input/files/are/from/config:
      mai_vob_h264_crf_0720p_hd:
        global input:
          -threads '0' 
        video:
          -codec:v 'libx264' -profile:v 'high' -weightp 'smart' -preset 'veryslow' -level:v '3.1' -bf '3' -coder '1' -x264opts 'keyint=96:min-keyint=96:no-scenecut' -flags '+cgop' -sc_threshold '0' -crf '23' -r:v '25' -pix_fmt 'yuv420p' -filter:v "yadif=1:-1:0,scale=-1:720" 
        audio:
          -strict 'experimental' -codec:a 'aac' -b:a '256k' -ac '6'
        format:
          -movflags '+faststart' -f 'mp4' 
        passes:
          pass 1:
            /usr/bin/ffmpeg -threads '0' -i 'input/files/are/from/config' -codec:v 'libx264' -profile:v 'high' -weightp 'smart' -preset 'veryslow' -level:v '3.1' -bf '3' -coder '1' -x264opts 'keyint=96:min-keyint=96:no-scenecut' -flags '+cgop' -sc_threshold '0' -crf '23' -r:v '25' -pix_fmt 'yuv420p' -filter:v "yadif=1:-1:0,scale=-1:720" -strict 'experimental' -codec:a 'aac' -b:a '256k' -ac '6' -movflags '+faststart' -f 'mp4' -y '//tmp/config-mai_vob_h264_crf_0720p_hd.mp4' 2> >(tee /tmp/ffmpeg/log/dir/fixture/config-mai_vob_h264_crf_0720p_hd-1-mp4.ffmpeg.log 1>&2);
    mai_vob_h264_crf_0576p_hi for input/files/are/from/config:
      mai_vob_h264_crf_0576p_hi:
        global input:
          -threads '0' 
        video:
          -codec:v 'libx264' -profile:v 'main' -weightp 'smart' -preset 'veryslow' -level:v '3.0' -bf '3' -coder '1' -x264opts 'keyint=96:min-keyint=96:no-scenecut' -flags '+cgop' -sc_threshold '0' -crf '23' -r:v '25' -pix_fmt 'yuv420p' -filter:v "yadif=1:-1:0,scale=-1:576" 
        audio:
          -strict 'experimental' -codec:a 'aac' -b:a '196k' -ac '2'
        format:
          -movflags '+faststart' -f 'mp4' 
        passes:
          pass 1:
            /usr/bin/ffmpeg -threads '0' -i 'input/files/are/from/config' -codec:v 'libx264' -profile:v 'main' -weightp 'smart' -preset 'veryslow' -level:v '3.0' -bf '3' -coder '1' -x264opts 'keyint=96:min-keyint=96:no-scenecut' -flags '+cgop' -sc_threshold '0' -crf '23' -r:v '25' -pix_fmt 'yuv420p' -filter:v "yadif=1:-1:0,scale=-1:576" -strict 'experimental' -codec:a 'aac' -b:a '196k' -ac '2' -movflags '+faststart' -f 'mp4' -y '//tmp/config-mai_vob_h264_crf_0576p_hi.mp4' 2> >(tee /tmp/ffmpeg/log/dir/fixture/config-mai_vob_h264_crf_0576p_hi-1-mp4.ffmpeg.log 1>&2);
    mai_vob_h264_crf_0480p_hi for input/files/are/from/config:
      mai_vob_h264_crf_0480p_hi:
        global input:
          -threads '0' 
        video:
          -codec:v 'libx264' -profile:v 'main' -weightp 'smart' -preset 'veryslow' -level:v '3.0' -bf '3' -coder '1' -x264opts 'keyint=96:min-keyint=96:no-scenecut' -flags '+cgop' -sc_threshold '0' -crf '23' -r:v '25' -pix_fmt 'yuv420p' -filter:v "yadif=1:-1:0,scale=-2:480" 
        audio:
          -strict 'experimental' -codec:a 'aac' -b:a '196k' -ac '2'
        format:
          -movflags '+faststart' -f 'mp4' 
        passes:
          pass 1:
            /usr/bin/ffmpeg -threads '0' -i 'input/files/are/from/config' -codec:v 'libx264' -profile:v 'main' -weightp 'smart' -preset 'veryslow' -level:v '3.0' -bf '3' -coder '1' -x264opts 'keyint=96:min-keyint=96:no-scenecut' -flags '+cgop' -sc_threshold '0' -crf '23' -r:v '25' -pix_fmt 'yuv420p' -filter:v "yadif=1:-1:0,scale=-2:480" -strict 'experimental' -codec:a 'aac' -b:a '196k' -ac '2' -movflags '+faststart' -f 'mp4' -y '//tmp/config-mai_vob_h264_crf_0480p_hi.mp4' 2> >(tee /tmp/ffmpeg/log/dir/fixture/config-mai_vob_h264_crf_0480p_hi-1-mp4.ffmpeg.log 1>&2);
