bulk_video_converter.bash:
  datetime:
    1970-01-01_01-01-01-00
  versions:
    bulk_video_converter.bash:
      0.1505859356
    config:
      0.1505859356
  async_for_files:
    false
  async_for_profiles:
    false
  input/files/are/from/config:
    original for input/files/are/from/config:
      original:
        global input:
          -threads '1' 
        video:
          -codec:v 'libx264' -filter:v "yadif=1:-1:0" 
        audio:
          -strict 'experimental' -codec:a 'aac' 
        format:
          -movflags '+faststart' -f 'mp4' 
        passes:
          pass 1:
            /usr/bin/ffmpeg -threads '1' -i 'input/files/are/from/config' -codec:v 'libx264' -filter:v "yadif=1:-1:0" -pass 1 -passlogfile /tmp/test/pass/log/dir/name/from/config/config-original.config -strict 'experimental' -codec:a 'aac' -movflags '+faststart' -f 'mp4' -y '/dev/null' 2> >(tee /tmp/test/log/dir/name/from/config/config-original-1-mp4.ffmpeg.log 1>&2);
          pass 2:
            /usr/bin/ffmpeg -threads '1' -i 'input/files/are/from/config' -codec:v 'libx264' -filter:v "yadif=1:-1:0" -pass 2 -passlogfile /tmp/test/pass/log/dir/name/from/config/config-original.config -strict 'experimental' -codec:a 'aac' -movflags '+faststart' -f 'mp4' -y '/tmp/test/output/dir/name/from/config/config-original.mp4' 2> >(tee /tmp/test/log/dir/name/from/config/config-original-2-mp4.ffmpeg.log 1>&2);
    output_overload for input/files/are/from/config:
      output_overload:
        global input:
          -threads '1' 
        video:
          -codec:v 'libx264' -filter:v "yadif=1:-1:0" 
        audio:
          -strict 'experimental' -codec:a 'aac' 
        format:
          -movflags '+faststart' -f 'mp4' 
        passes:
          pass 1:
            /usr/bin/ffmpeg -threads '1' -i 'input/files/are/from/config' -codec:v 'libx264' -filter:v "yadif=1:-1:0" -pass 1 -passlogfile /tmp/test/pass/log/dir/name/from/config/config-output_overload.config -strict 'experimental' -codec:a 'aac' -movflags '+faststart' -f 'mp4' -y '/dev/null' 2> >(tee /tmp/test/log/dir/name/from/config/config-output_overload-1-mp4.ffmpeg.log 1>&2);
          pass 2:
            /usr/bin/ffmpeg -threads '1' -i 'input/files/are/from/config' -codec:v 'libx264' -filter:v "yadif=1:-1:0" -pass 2 -passlogfile /tmp/test/pass/log/dir/name/from/config/config-output_overload.config -strict 'experimental' -codec:a 'aac' -movflags '+faststart' -f 'mp4' -y '/tmp/test/output/overload/config-output_overload.mp4' 2> >(tee /tmp/test/log/dir/name/from/config/config-output_overload-2-mp4.ffmpeg.log 1>&2);
    log_overload for input/files/are/from/config:
      log_overload:
        global input:
          -threads '1' 
        video:
          -codec:v 'libx264' -filter:v "yadif=1:-1:0" 
        audio:
          -strict 'experimental' -codec:a 'aac' 
        format:
          -movflags '+faststart' -f 'mp4' 
        passes:
          pass 1:
            /usr/bin/ffmpeg -threads '1' -i 'input/files/are/from/config' -codec:v 'libx264' -filter:v "yadif=1:-1:0" -pass 1 -passlogfile /tmp/test/pass/log/dir/name/from/config/config-log_overload.config -strict 'experimental' -codec:a 'aac' -movflags '+faststart' -f 'mp4' -y '/dev/null' 2> >(tee /tmp/test/log/overload/config-log_overload-1-mp4.ffmpeg.log 1>&2);
          pass 2:
            /usr/bin/ffmpeg -threads '1' -i 'input/files/are/from/config' -codec:v 'libx264' -filter:v "yadif=1:-1:0" -pass 2 -passlogfile /tmp/test/pass/log/dir/name/from/config/config-log_overload.config -strict 'experimental' -codec:a 'aac' -movflags '+faststart' -f 'mp4' -y '/tmp/test/output/dir/name/from/config/config-log_overload.mp4' 2> >(tee /tmp/test/log/overload/config-log_overload-2-mp4.ffmpeg.log 1>&2);
    passlog_overload for input/files/are/from/config:
      passlog_overload:
        global input:
          -threads '1' 
        video:
          -codec:v 'libx264' -filter:v "yadif=1:-1:0" 
        audio:
          -strict 'experimental' -codec:a 'aac' 
        format:
          -movflags '+faststart' -f 'mp4' 
        passes:
          pass 1:
            /usr/bin/ffmpeg -threads '1' -i 'input/files/are/from/config' -codec:v 'libx264' -filter:v "yadif=1:-1:0" -pass 1 -passlogfile /tmp/test/pass/log/dir/name/from/config/config-passlog_overload.config -strict 'experimental' -codec:a 'aac' -movflags '+faststart' -f 'mp4' -y '/dev/null' 2> >(tee /tmp/test/pass/log/overload/config-passlog_overload-1-mp4.ffmpeg.log 1>&2);
          pass 2:
            /usr/bin/ffmpeg -threads '1' -i 'input/files/are/from/config' -codec:v 'libx264' -filter:v "yadif=1:-1:0" -pass 2 -passlogfile /tmp/test/pass/log/dir/name/from/config/config-passlog_overload.config -strict 'experimental' -codec:a 'aac' -movflags '+faststart' -f 'mp4' -y '/tmp/test/output/dir/name/from/config/config-passlog_overload.mp4' 2> >(tee /tmp/test/pass/log/overload/config-passlog_overload-2-mp4.ffmpeg.log 1>&2);
