bulk_video_converter.bash:
  datetime:
    1970-01-01_01-01-01-00
  versions:
    bulk_video_converter.bash:
      0.1505859356
    config:
      0.1505573195
  async_for_files:
    false
  async_for_profiles:
    false
  input/files/are/from/config:
    youtube_x2_1080p_hd for input/files/are/from/config:
      youtube_x2_1080p_hd:
        global input:
          -threads '0' 
        video:
          -codec:v 'libx264' -profile:v 'high' -level:v '4.2' -bf '2' -coder '1' -g '13' -keyint_min '13' -flags '+cgop' -sc_threshold '0' -b:v '8192k' -r:v '25' -pix_fmt 'yuv420p' -filter:v "yadif=1:-1:0,scale=-1:1080" 
        audio:
          -strict 'experimental' -codec:a 'aac' -ar '48000' -b:a '512k' -ac '6'
        format:
          -movflags '+faststart' -f 'mp4' 
        passes:
          pass 1:
            /usr/bin/ffmpeg -threads '0' -i 'input/files/are/from/config' -codec:v 'libx264' -profile:v 'high' -level:v '4.2' -bf '2' -coder '1' -g '13' -keyint_min '13' -flags '+cgop' -sc_threshold '0' -b:v '8192k' -r:v '25' -pix_fmt 'yuv420p' -filter:v "yadif=1:-1:0,scale=-1:1080" -pass 1 -passlogfile /tmp/pass/log/dir/fixture/config-youtube_x2_1080p_hd.config -strict 'experimental' -codec:a 'aac' -ar '48000' -b:a '512k' -ac '6' -movflags '+faststart' -f 'mp4' -y '/dev/null' 2> >(tee /tmp/ffmpeg/log/dir/fixture/config-youtube_x2_1080p_hd-1-mp4.ffmpeg.log 1>&2);
          pass 2:
            /usr/bin/ffmpeg -threads '0' -i 'input/files/are/from/config' -codec:v 'libx264' -profile:v 'high' -level:v '4.2' -bf '2' -coder '1' -g '13' -keyint_min '13' -flags '+cgop' -sc_threshold '0' -b:v '8192k' -r:v '25' -pix_fmt 'yuv420p' -filter:v "yadif=1:-1:0,scale=-1:1080" -pass 2 -passlogfile /tmp/pass/log/dir/fixture/config-youtube_x2_1080p_hd.config -strict 'experimental' -codec:a 'aac' -ar '48000' -b:a '512k' -ac '6' -movflags '+faststart' -f 'mp4' -y '//tmp/config-youtube_x2_1080p_hd.mp4' 2> >(tee /tmp/ffmpeg/log/dir/fixture/config-youtube_x2_1080p_hd-2-mp4.ffmpeg.log 1>&2);
    youtube_720p for input/files/are/from/config:
      youtube_720p:
        global input:
          -threads '0' 
        video:
          -codec:v 'libx264' -profile:v 'high' -level:v '3.2' -bf '2' -coder '1' -g '13' -keyint_min '13' -flags '+cgop' -sc_threshold '0' -b:v '5120k' -r:v '25' -pix_fmt 'yuv420p' -filter:v "yadif=1:-1:0,scale=-1:720" 
        audio:
          -strict 'experimental' -codec:a 'aac' -ar '48000' -b:a '384k' -ac '2'
        format:
          -movflags '+faststart' -f 'mp4' 
        passes:
          pass 1:
            /usr/bin/ffmpeg -threads '0' -i 'input/files/are/from/config' -codec:v 'libx264' -profile:v 'high' -level:v '3.2' -bf '2' -coder '1' -g '13' -keyint_min '13' -flags '+cgop' -sc_threshold '0' -b:v '5120k' -r:v '25' -pix_fmt 'yuv420p' -filter:v "yadif=1:-1:0,scale=-1:720" -strict 'experimental' -codec:a 'aac' -ar '48000' -b:a '384k' -ac '2' -movflags '+faststart' -f 'mp4' -y '//tmp/config-youtube_720p.mp4' 2> >(tee /tmp/ffmpeg/log/dir/fixture/config-youtube_720p-1-mp4.ffmpeg.log 1>&2);
    youtube_480p for input/files/are/from/config:
      youtube_480p:
        global input:
          -threads '0' 
        video:
          -codec:v 'libx264' -profile:v 'high' -level:v '3.1' -bf '2' -coder '1' -g '13' -keyint_min '13' -flags '+cgop' -sc_threshold '0' -b:v '2560k' -r:v '25' -pix_fmt 'yuv420p' -filter:v "yadif=1:-1:0,scale=-2:480" 
        audio:
          -strict 'experimental' -codec:a 'aac' -ar '48000' -b:a '128k' -ac '1'
        format:
          -movflags '+faststart' -f 'mp4' 
        passes:
          pass 1:
            /usr/bin/ffmpeg -threads '0' -i 'input/files/are/from/config' -codec:v 'libx264' -profile:v 'high' -level:v '3.1' -bf '2' -coder '1' -g '13' -keyint_min '13' -flags '+cgop' -sc_threshold '0' -b:v '2560k' -r:v '25' -pix_fmt 'yuv420p' -filter:v "yadif=1:-1:0,scale=-2:480" -strict 'experimental' -codec:a 'aac' -ar '48000' -b:a '128k' -ac '1' -movflags '+faststart' -f 'mp4' -y '//tmp/config-youtube_480p.mp4' 2> >(tee /tmp/ffmpeg/log/dir/fixture/config-youtube_480p-1-mp4.ffmpeg.log 1>&2);
    youtube_360p for input/files/are/from/config:
      youtube_360p:
        global input:
          -threads '0' 
        video:
          -codec:v 'libx264' -profile:v 'high' -level:v '3.1' -bf '2' -coder '1' -g '13' -keyint_min '13' -flags '+cgop' -sc_threshold '0' -b:v '1024k' -r:v '25' -pix_fmt 'yuv420p' -filter:v "yadif=1:-1:0,scale=-1:360" 
        audio:
          -strict 'experimental' -codec:a 'aac' -ar '48000' -b:a '128k' -ac '1'
        format:
          -movflags '+faststart' -f 'mp4' 
        passes:
          pass 1:
            /usr/bin/ffmpeg -threads '0' -i 'input/files/are/from/config' -codec:v 'libx264' -profile:v 'high' -level:v '3.1' -bf '2' -coder '1' -g '13' -keyint_min '13' -flags '+cgop' -sc_threshold '0' -b:v '1024k' -r:v '25' -pix_fmt 'yuv420p' -filter:v "yadif=1:-1:0,scale=-1:360" -strict 'experimental' -codec:a 'aac' -ar '48000' -b:a '128k' -ac '1' -movflags '+faststart' -f 'mp4' -y '//tmp/config-youtube_360p.mp4' 2> >(tee /tmp/ffmpeg/log/dir/fixture/config-youtube_360p-1-mp4.ffmpeg.log 1>&2);
