bulk_video_converter.bash:
  datetime:
    1970-01-01_01-01-01-00
  versions:
    bulk_video_converter.bash:
      0.1505859356
    config:
      
  async_for_files:
    false
  async_for_profiles:
    false
LOG_DIR_NAME = ' /tmp/video/log/dir/fixture
  input/files/are/from/config:
    h264_x1_pal_sd for input/files/are/from/config:
      h264_x1_pal_sd:
        global input:
          -threads '0' 
        video:
          -codec:v 'libx264' -profile:v 'high' -preset 'slower' -b:v '1000k' -filter:v "yadif=1:-1:0,scale=-1:576" 
        audio:
          -strict 'experimental' -codec:a 'aac' -b:a '196k' -ac '6'
        format:
          -movflags '+faststart' -f 'mp4' 
        passes:
          pass 1:
            /usr/bin/ffmpeg -threads '0' -i 'input/files/are/from/config' -codec:v 'libx264' -profile:v 'high' -preset 'slower' -b:v '1000k' -filter:v "yadif=1:-1:0,scale=-1:576" -strict 'experimental' -codec:a 'aac' -b:a '196k' -ac '6' -movflags '+faststart' -f 'mp4' -y '//tmp/config-h264_x1_pal_sd.mp4' 2> >(tee /tmp/video/log/dir/fixture/config-h264_x1_pal_sd-1-mp4.ffmpeg.log 1>&2);
    webm_x1_pal_sd for input/files/are/from/config:
      webm_x1_pal_sd:
        global input:
          -threads '0' 
        video:
          -codec:v 'libvpx-vp9' -b:v '1200k' -maxrate '1200k' -bufsize '2400k' -filter:v "yadif=1:-1:0,scale=-1:576" 
        audio:
          -b:a '196k' -ac '6'
        format:
          -f 'webm' 
        passes:
          pass 1:
            /usr/bin/ffmpeg -threads '0' -i 'input/files/are/from/config' -codec:v 'libvpx-vp9' -b:v '1200k' -maxrate '1200k' -bufsize '2400k' -filter:v "yadif=1:-1:0,scale=-1:576" -b:a '196k' -ac '6' -f 'webm' -y '//tmp/config-webm_x1_pal_sd.mp4' 2> >(tee /tmp/video/log/dir/fixture/config-webm_x1_pal_sd-1-mp4.ffmpeg.log 1>&2);
    h263_x1_pal_sd for input/files/are/from/config:
      h263_x1_pal_sd:
        global input:
          -threads '0' 
        video:
          -codec:v 'flashsv' -b:v '1200k' -maxrate '1200k' -bufsize '2400k' -filter:v "yadif=1:-1:0,scale=-1:576" 
        audio:
          -codec:a 'libmp3lame' -b:a '64k' -ac '1'
        format:
          -f 'flv' 
        passes:
          pass 1:
            /usr/bin/ffmpeg -threads '0' -i 'input/files/are/from/config' -codec:v 'flashsv' -b:v '1200k' -maxrate '1200k' -bufsize '2400k' -filter:v "yadif=1:-1:0,scale=-1:576" -codec:a 'libmp3lame' -b:a '64k' -ac '1' -f 'flv' -y '//tmp/config-h263_x1_pal_sd.flv' 2> >(tee /tmp/video/log/dir/fixture/config-h263_x1_pal_sd-1-flv.ffmpeg.log 1>&2);
    dirac_x1_pal_sd for input/files/are/from/config:
      dirac_x1_pal_sd:
        global input:
          -threads '0' 
        video:
          -codec:v 'dirac' -qscale:v '0' -filter:v "yadif=1:-1:0,scale=-1:576" 
        audio:
          -strict 'experimental' -codec:a 'aac' -b:a '64k' -ac '1'
        format:
          -movflags '+faststart' -f 'mov' 
        passes:
          pass 1:
            /usr/bin/ffmpeg -threads '0' -i 'input/files/are/from/config' -codec:v 'dirac' -qscale:v '0' -filter:v "yadif=1:-1:0,scale=-1:576" -strict 'experimental' -codec:a 'aac' -b:a '64k' -ac '1' -movflags '+faststart' -f 'mov' -y '//tmp/config-dirac_x1_pal_sd.mov' 2> >(tee /tmp/video/log/dir/fixture/config-dirac_x1_pal_sd-1-mov.ffmpeg.log 1>&2);
    hevc_x1_pal_gray_sd for input/files/are/from/config:
      hevc_x1_pal_gray_sd:
        global input:
          -threads '0' 
        video:
          -codec:v 'libx265' -preset 'veryslow' -level:v '3.1' -bf '3' -b:v '1200k' -maxrate '1200k' -bufsize '2400k' -filter:v "yadif=1:-1:0,scale=-1:576" 
        audio:
          -strict 'experimental' -codec:a 'aac' -b:a '196k' -ac '6'
        format:
          -movflags '+faststart' -f 'mp4' 
        passes:
          pass 1:
            /usr/bin/ffmpeg -threads '0' -i 'input/files/are/from/config' -codec:v 'libx265' -preset 'veryslow' -level:v '3.1' -bf '3' -b:v '1200k' -maxrate '1200k' -bufsize '2400k' -filter:v "yadif=1:-1:0,scale=-1:576" -strict 'experimental' -codec:a 'aac' -b:a '196k' -ac '6' -movflags '+faststart' -f 'mp4' -y '//tmp/config-hevc_x1_pal_gray_sd.mp4' 2> >(tee /tmp/video/log/dir/fixture/config-hevc_x1_pal_gray_sd-1-mp4.ffmpeg.log 1>&2);
    xvid_x1_pal_gray_sd for input/files/are/from/config:
      xvid_x1_pal_gray_sd:
        global input:
          -threads '0' 
        video:
          -codec:v 'libxvid' -vtag 'xvid' -b:v '1000k' -maxrate '1000k' -bufsize '2000k' -filter:v "yadif=1:-1:0,scale=-1:576" 
        audio:
          -codec:a 'libmp3lame' -b:a '196k' -ac '6'
        format:
          -movflags '+faststart' -f 'mp4' 
        passes:
          pass 1:
            /usr/bin/ffmpeg -threads '0' -i 'input/files/are/from/config' -codec:v 'libxvid' -vtag 'xvid' -b:v '1000k' -maxrate '1000k' -bufsize '2000k' -filter:v "yadif=1:-1:0,scale=-1:576" -codec:a 'libmp3lame' -b:a '196k' -ac '6' -movflags '+faststart' -f 'mp4' -y '//tmp/config-xvid_x1_pal_gray_sd.mp4' 2> >(tee /tmp/video/log/dir/fixture/config-xvid_x1_pal_gray_sd-1-mp4.ffmpeg.log 1>&2);
