bulk_video_converter.bash:
  datetime:
    1970-01-01_01-01-01-00
  versions:
    bulk_video_converter.bash:
      0.1505573195
    config:
      
  async_for_files:
    false
  async_for_profiles:
    false
  input/files/are/from/config:
    virag_h264x1_pal_sd for input/files/are/from/config:
      virag_h264x1_pal_sd:
        global input:
          -threads '0' -ss '00:00:00' 
        video:
          -codec:v 'libx264' -profile:v 'main' -b:v '1000k' -filter:v "yadif=1:-1:0,scale=0:576" 
        audio:
          -strict 'experimental' -codec:a 'aac' -b:a '196k' -ac '6'
        global output:
          -ss '00:00:00' -to '00:02:30' 
        format:
          -movflags '+faststart' -f 'mp4' 
        passes:
          pass 1:
            /usr/bin/ffmpeg -threads '0' -ss '00:00:00' -i 'input/files/are/from/config' -codec:v 'libx264' -profile:v 'main' -b:v '1000k' -filter:v "yadif=1:-1:0,scale=0:576" -strict 'experimental' -codec:a 'aac' -b:a '196k' -ac '6' -ss '00:00:00' -to '00:02:30' -movflags '+faststart' -f 'mp4' -y '//tmp/config-virag_h264x1_pal_sd.mp4' 2> >(tee /var/log/bulk_video_converter.bash/1970-01-01_01-01-01-00/config-virag_h264x1_pal_sd-1-mp4.ffmpeg.log 1>&2);
    virag_h264x1_480p_web for input/files/are/from/config:
      virag_h264x1_480p_web:
        global input:
          -threads '0' -ss '00:00:00' 
        video:
          -codec:v 'libx264' -profile:v 'main' -b:v '500k' -maxrate '500k' -bufsize '1000k' -filter:v "yadif=1:-1:0,scale=0:480" 
        audio:
          -strict 'experimental' -codec:a 'aac' -b:a '128k' -ac '2'
        global output:
          -ss '00:00:00' -to '00:02:30' 
        format:
          -movflags '+faststart' -f 'mp4' 
        passes:
          pass 1:
            /usr/bin/ffmpeg -threads '0' -ss '00:00:00' -i 'input/files/are/from/config' -codec:v 'libx264' -profile:v 'main' -b:v '500k' -maxrate '500k' -bufsize '1000k' -filter:v "yadif=1:-1:0,scale=0:480" -strict 'experimental' -codec:a 'aac' -b:a '128k' -ac '2' -ss '00:00:00' -to '00:02:30' -movflags '+faststart' -f 'mp4' -y '//tmp/config-virag_h264x1_480p_web.mp4' 2> >(tee /var/log/bulk_video_converter.bash/1970-01-01_01-01-01-00/config-virag_h264x1_480p_web-1-mp4.ffmpeg.log 1>&2);
    virag_h264x1_480p_tablet for input/files/are/from/config:
      virag_h264x1_480p_tablet:
        global input:
          -threads '0' -ss '00:00:00' 
        video:
          -codec:v 'libx264' -profile:v 'main' -b:v '400k' -maxrate '400k' -bufsize '800k' -filter:v "yadif=1:-1:0,scale=0:480" 
        audio:
          -strict 'experimental' -codec:a 'aac' -b:a '128k' -ac '2'
        global output:
          -ss '00:00:00' -to '00:02:30' 
        format:
          -movflags '+faststart' -f 'mp4' 
        passes:
          pass 1:
            /usr/bin/ffmpeg -threads '0' -ss '00:00:00' -i 'input/files/are/from/config' -codec:v 'libx264' -profile:v 'main' -b:v '400k' -maxrate '400k' -bufsize '800k' -filter:v "yadif=1:-1:0,scale=0:480" -strict 'experimental' -codec:a 'aac' -b:a '128k' -ac '2' -ss '00:00:00' -to '00:02:30' -movflags '+faststart' -f 'mp4' -y '//tmp/config-virag_h264x1_480p_tablet.mp4' 2> >(tee /var/log/bulk_video_converter.bash/1970-01-01_01-01-01-00/config-virag_h264x1_480p_tablet-1-mp4.ffmpeg.log 1>&2);
    virag_h264x1_360p_mobile for input/files/are/from/config:
      virag_h264x1_360p_mobile:
        global input:
          -threads '0' -ss '00:00:00' 
        video:
          -codec:v 'libx264' -profile:v 'baseline' -b:v '250k' -maxrate '250k' -bufsize '500k' -filter:v "yadif=1:-1:0,scale=0:360" 
        audio:
          -strict 'experimental' -codec:a 'aac' -b:a '96k' -ac '1'
        global output:
          -ss '00:00:00' -to '00:02:30' 
        format:
          -movflags '+faststart' -f 'mp4' 
        passes:
          pass 1:
            /usr/bin/ffmpeg -threads '0' -ss '00:00:00' -i 'input/files/are/from/config' -codec:v 'libx264' -profile:v 'baseline' -b:v '250k' -maxrate '250k' -bufsize '500k' -filter:v "yadif=1:-1:0,scale=0:360" -strict 'experimental' -codec:a 'aac' -b:a '96k' -ac '1' -ss '00:00:00' -to '00:02:30' -movflags '+faststart' -f 'mp4' -y '//tmp/config-virag_h264x1_360p_mobile.mp4' 2> >(tee /var/log/bulk_video_converter.bash/1970-01-01_01-01-01-00/config-virag_h264x1_360p_mobile-1-mp4.ffmpeg.log 1>&2);
